[0m13:03:51.863214 [debug] [MainThread]: Sending event: {'category': 'dbt', 'action': 'invocation', 'label': 'start', 'context': [<snowplow_tracker.self_describing_json.SelfDescribingJson object at 0x000001EABA4155E0>, <snowplow_tracker.self_describing_json.SelfDescribingJson object at 0x000001EABA661AC0>, <snowplow_tracker.self_describing_json.SelfDescribingJson object at 0x000001EABA929A30>]}


============================== 13:03:51.887083 | e619752d-e4d6-480d-a319-8a6885611392 ==============================
[0m13:03:51.887083 [info ] [MainThread]: Running with dbt=1.12.1
[0m13:03:51.888081 [debug] [MainThread]: running dbt with arguments {'static_parser': 'True', 'no_print': 'None', 'version_check': 'True', 'warn_error_options': 'WarnErrorOptionsV2(error=[], warn=[], silence=[])', 'target_path': 'None', 'maximum_seed_size_mib': '1', 'printer_width': '80', 'write_json': 'True', 'empty': 'None', 'log_cache_events': 'False', 'introspect': 'True', 'cache_selected_only': 'False', 'fail_fast': 'False', 'debug': 'False', 'log_format': 'default', 'profiles_dir': 'C:\\Users\\khali\\.dbt', 'send_anonymous_usage_stats': 'True', 'quiet': 'False', 'warn_error': 'None', 'partial_parse': 'True', 'use_colors': 'True', 'hints_enabled': 'True', 'invocation_command': 'dbt init dbt_learn', 'use_experimental_parser': 'False', 'indirect_selection': 'eager', 'log_path': 'logs'}
[0m13:03:52.216594 [debug] [MainThread]: Starter project path: C:\Users\khali\Desktop\DBT practice\.venv\Lib\site-packages\dbt\include\starter_project
[0m13:03:52.259457 [info ] [MainThread]: Setting up your profile.
[0m13:04:01.711702 [info ] [MainThread]: Running dbt debug to validate the project...
[0m13:04:01.712705 [info ] [MainThread]: dbt version: 1.12.1
[0m13:04:01.713709 [info ] [MainThread]: python version: 3.12.10
[0m13:04:01.713709 [info ] [MainThread]: python path: C:\Users\khali\Desktop\DBT practice\.venv\Scripts\python.exe
[0m13:04:01.713709 [info ] [MainThread]: os info: Windows-11-10.0.26200-SP0
[0m13:04:01.852793 [info ] [MainThread]: Using profiles dir at C:\Users\khali\.dbt
[0m13:04:01.853789 [info ] [MainThread]: Using profiles.yml file at C:\Users\khali\.dbt\profiles.yml
[0m13:04:01.853789 [info ] [MainThread]: Using dbt_project.yml file at C:\Users\khali\Desktop\DBT practice\dbt_learn\dbt_project.yml
[0m13:04:01.873816 [info ] [MainThread]: adapter type: duckdb
[0m13:04:01.873816 [info ] [MainThread]: adapter version: 1.11.0
[0m13:04:02.101340 [info ] [MainThread]: Configuration:
[0m13:04:02.102355 [info ] [MainThread]:   profiles.yml file [[32mOK found and valid[0m]
[0m13:04:02.103351 [info ] [MainThread]:   dbt_project.yml file [[32mOK found and valid[0m]
[0m13:04:02.104351 [info ] [MainThread]: Required dependencies:
[0m13:04:02.104859 [debug] [MainThread]: Executing "git --help"
[0m13:04:02.134748 [info ] [MainThread]:  - git [[31mERROR[0m]

[0m13:04:02.135755 [info ] [MainThread]: Connection:
[0m13:04:02.136758 [info ] [MainThread]:   database: dev
[0m13:04:02.137781 [info ] [MainThread]:   schema: main
[0m13:04:02.139742 [info ] [MainThread]:   path: dev.duckdb
[0m13:04:02.139742 [info ] [MainThread]:   config_options: None
[0m13:04:02.140740 [info ] [MainThread]:   extensions: None
[0m13:04:02.141852 [info ] [MainThread]:   settings: {}
[0m13:04:02.142840 [info ] [MainThread]:   external_root: .
[0m13:04:02.143853 [info ] [MainThread]:   use_credential_provider: None
[0m13:04:02.144850 [info ] [MainThread]:   attach: None
[0m13:04:02.145849 [info ] [MainThread]:   filesystems: None
[0m13:04:02.146849 [info ] [MainThread]:   remote: None
[0m13:04:02.147858 [info ] [MainThread]:   plugins: None
[0m13:04:02.148868 [info ] [MainThread]:   disable_transactions: False
[0m13:04:02.152407 [info ] [MainThread]: Registered adapter: duckdb=1.11.0
[0m13:04:02.676563 [debug] [MainThread]: Acquiring new duckdb connection 'debug'
[0m13:04:06.852185 [debug] [MainThread]: Using duckdb connection "debug"
[0m13:04:06.852185 [debug] [MainThread]: On debug: select 1 as id
[0m13:04:06.853191 [debug] [MainThread]: Opening a new connection, currently in state init
[0m13:04:06.908256 [debug] [MainThread]: SQL status: OK in 0.055 seconds
[0m13:04:06.909257 [debug] [MainThread]: On debug: Close
[0m13:04:06.910764 [info ] [MainThread]:   Connection test: [[32mOK connection ok[0m]

[0m13:04:06.912412 [info ] [MainThread]: [31m1 check failed:[0m
[0m13:04:06.912943 [info ] [MainThread]: Error from git --help: Could not find command, ensure it is in the user's PATH and that the user has permissions to run it: "git"

[0m13:04:06.912943 [info ] [MainThread]: Your new dbt project "dbt_learn" was created!
Initialized new project in C:\Users\khali\Desktop\DBT practice\dbt_learn\dbt_learn

For more information on how to configure the profiles.yml file,
please consult the dbt documentation here:

  https://docs.getdbt.com/docs/configure-your-profile

One more thing:

Need help? Don't hesitate to reach out to us via GitHub issues or on Slack:

  https://community.getdbt.com/

Happy modeling!

[0m13:04:06.913953 [info ] [MainThread]: [31mYour profile may need adjustments. You can find the logs of `dbt debug` above[0m
[0m13:04:06.914952 [debug] [MainThread]: Command `dbt init` succeeded at 13:04:06.914952 after 15.25 seconds
[0m13:04:06.915987 [debug] [MainThread]: Connection 'debug' was properly closed.
[0m13:04:06.915987 [debug] [MainThread]: Sending event: {'category': 'dbt', 'action': 'invocation', 'label': 'end', 'context': [<snowplow_tracker.self_describing_json.SelfDescribingJson object at 0x000001EAB6CD0FE0>, <snowplow_tracker.self_describing_json.SelfDescribingJson object at 0x000001EABC58D0D0>, <snowplow_tracker.self_describing_json.SelfDescribingJson object at 0x000001EABA97EBA0>]}
[0m13:04:06.916986 [debug] [MainThread]: Flushing usage events
[0m13:04:10.117842 [debug] [MainThread]: An error was encountered while trying to flush usage events
[0m13:57:35.218147 [debug] [MainThread]: Sending event: {'category': 'dbt', 'action': 'invocation', 'label': 'start', 'context': [<snowplow_tracker.self_describing_json.SelfDescribingJson object at 0x000002403CE6DD60>, <snowplow_tracker.self_describing_json.SelfDescribingJson object at 0x00000240377ED7F0>, <snowplow_tracker.self_describing_json.SelfDescribingJson object at 0x000002403AA57950>]}


============================== 13:57:35.239751 | c6771aa8-8b80-44fb-a340-af0114c857cc ==============================
[0m13:57:35.239751 [info ] [MainThread]: Running with dbt=1.12.1
[0m13:57:35.240751 [debug] [MainThread]: running dbt with arguments {'version_check': 'True', 'no_print': 'None', 'maximum_seed_size_mib': '1', 'warn_error_options': 'WarnErrorOptionsV2(error=[], warn=[], silence=[])', 'target_path': 'None', 'static_parser': 'True', 'printer_width': '80', 'write_json': 'True', 'introspect': 'True', 'log_cache_events': 'False', 'empty': 'False', 'cache_selected_only': 'False', 'log_format': 'default', 'debug': 'False', 'fail_fast': 'False', 'partial_parse': 'True', 'send_anonymous_usage_stats': 'True', 'quiet': 'False', 'warn_error': 'None', 'profiles_dir': 'C:\\Users\\khali\\.dbt', 'use_colors': 'True', 'hints_enabled': 'True', 'indirect_selection': 'eager', 'use_experimental_parser': 'False', 'invocation_command': 'dbt run --select transform', 'log_path': 'logs'}
[0m13:57:35.241300 [error] [MainThread]: [[31mERROR[0m]: Encountered an error:
Runtime Error
  No dbt_project.yml found at expected path C:\Users\khali\Desktop\DBT practice\dbt_project.yml
  Verify that each entry within packages.yml (and their transitive dependencies) contains a file named dbt_project.yml
  
[0m13:57:35.242305 [debug] [MainThread]: Command `dbt run` failed at 13:57:35.242305 after 0.23 seconds
[0m13:57:35.243339 [debug] [MainThread]: Sending event: {'category': 'dbt', 'action': 'invocation', 'label': 'end', 'context': [<snowplow_tracker.self_describing_json.SelfDescribingJson object at 0x000002403AF1CBF0>, <snowplow_tracker.self_describing_json.SelfDescribingJson object at 0x000002403A2CFF20>, <snowplow_tracker.self_describing_json.SelfDescribingJson object at 0x000002403C14F4A0>]}
[0m13:57:35.243339 [debug] [MainThread]: Flushing usage events
[0m13:57:38.686064 [debug] [MainThread]: An error was encountered while trying to flush usage events
